// Jest Snapshot v1, https://goo.gl/fbAQLP

exports[`App renders without crashing 1`] = `ShallowWrapper {}`;

exports[`CreatePostComponent renders without crashing 1`] = `ShallowWrapper {}`;

exports[`Feed renders without crashing 1`] = `ShallowWrapper {}`;

exports[`GlobalFeedComponent renders without crashing 1`] = `ShallowWrapper {}`;

exports[`NavigationBar renders without crashing 1`] = `ShallowWrapper {}`;

exports[`PostComponent renders without crashing 1`] = `ShallowWrapper {}`;

exports[`ProfileComponent renders without crashing 1`] = `ShallowWrapper {}`;

exports[`SearchComponent renders without crashing 1`] = `ShallowWrapper {}`;

exports[`SettingsComponent renders without crashing 1`] = `ReactWrapper {}`;

exports[`SettingsComponent renders without crashing 2`] = `ShallowWrapper {}`;

exports[`SignInUpComponent renders without crashing 1`] = `ShallowWrapper {}`;

exports[`SignUpComponent renders without crashing 1`] = `ShallowWrapper {}`;

exports[`SplashComponent renders without crashing 1`] = `ShallowWrapper {}`;

exports[`UserComponent renders without crashing 1`] = `ShallowWrapper {}`;

exports[`UserListCoponent renders without crashing 1`] = `ShallowWrapper {}`;
